// Jest Snapshot v1, https://goo.gl/fbAQLP

exports[`renders "Quote" page 1`] = `
<div
  className="quote-page"
>
  <p>
    Mathematics is not about numbers, equations, computations, or algorithms: it is about understanding.
    <br />
    <br />
    - William Paul Thurston
  </p>
</div>
`;
